C51 COMPILER V9.60.0.0   MCP4921                                                           06/11/2023 10:35:50 PAGE 1   


C51 COMPILER V9.60.0.0, COMPILATION OF MODULE MCP4921
OBJECT MODULE PLACED IN .\Objects\MCP4921.obj
COMPILER INVOKED BY: D:\Keil_for_c51\C51\BIN\C51.EXE myware\MCP4921\MCP4921.c ROM(COMPACT) OPTIMIZE(8,SPEED) BROWSE MODP
                    -2 INCDIR(.\start;.\myware\LCD_1602;.\myware\MAX1241;.\myware\MCP4921;.\myware\TIM;.\myware\KEY;.\myware\Filter;.\myware\
                    -TLC0832) DEBUG OBJECTEXTEND PRINT(.\Listings\MCP4921.lst) TABS(2) OBJECT(.\Objects\MCP4921.obj)

line level    source

   1          #include "MCP4921.H"
   2          unsigned int V_u16;
   3          float SET_V;
   4          void set_DA_MCP4921(u16 num){
   5   1        
   6   1         char i;
   7   1        if(num>=4096)
   8   1          num=4096;
   9   1        num|=0x7000;
  10   1         LDAC=1;
  11   1        DA_CLK=0;
  12   1        DA_CS=0;
  13   1        for(i=15;i>=0;i--){
  14   2          DA_DATA=num&(0x01<<i);
  15   2          DA_CLK=0;
  16   2          _nop_();
  17   2          DA_CLK=1;
  18   2          _nop_();
  19   2        }
  20   1        _nop_();
  21   1        DA_CS=1;
  22   1        LDAC=0;
  23   1         LDAC=1;
  24   1         
  25   1         
  26   1      }
  27          void Set_V(float V){
  28   1        SET_V=V;
  29   1        //set_DA_MCP4921(V*819);
  30   1        
  31   1        V_u16=V*828;//826;//819.2;//817.6;//5.00*2^12
  32   1        
  33   1        
  34   1      }
  35          void Set_I(unsigned int mA){
  36   1        float V=(float)mA*0.0025;//2.5/1000;
  37   1        Set_V(V);
  38   1      
  39   1        
  40   1      }
  41          
  42          


MODULE INFORMATION:   STATIC OVERLAYABLE
   CODE SIZE        =    144    ----
   CONSTANT SIZE    =   ----    ----
   XDATA SIZE       =   ----    ----
   PDATA SIZE       =   ----    ----
   DATA SIZE        =      6       4
   IDATA SIZE       =   ----    ----
   BIT SIZE         =   ----    ----
END OF MODULE INFORMATION.

C51 COMPILER V9.60.0.0   MCP4921                                                           06/11/2023 10:35:50 PAGE 2   


C51 COMPILATION COMPLETE.  0 WARNING(S),  0 ERROR(S)
